// Jest Snapshot v1, https://goo.gl/fbAQLP

exports[`expects a list of robots to render 1`] = `ShallowWrapper {}`;
