// Jest Snapshot v1, https://goo.gl/fbAQLP

exports[`must render Card Component taking a snapshot of it 1`] = `ShallowWrapper {}`;
